import math

import cupynumeric as np

A = (-8.0 / 3.0, 0.0, 1.0 / 6.0, 1.0 / 12.0)

def level_shapes(dims):
    """Ghosted shapes per level, coarsest first; every axis halves per level."""
    lt = int(math.log2(min(dims)))
    return [tuple(d // 2 ** (lt - level) + 2 for d in dims) for level in range(1, lt + 1)]

def comm3(u):
    u[0, 1:-1, 1:-1] = u[-2, 1:-1, 1:-1]
    u[-1, 1:-1, 1:-1] = u[1, 1:-1, 1:-1]
    u[:, 0, 1:-1] = u[:, -2, 1:-1]
    u[:, -1, 1:-1] = u[:, 1, 1:-1]
    u[:, :, 0] = u[:, :, -2]
    u[:, :, -1] = u[:, :, 1]
    return u

def resid(r, u, v):
    c = (slice(1, -1),) * 3
    xm, xp = slice(0, -2), slice(2, None)
    m, p = slice(0, -2), slice(2, None)
    mid = slice(1, -1)
    r[c] = (
        v[c]
        - A[0] * u[c]
        - A[2]
        * (
            u[mid, m, m]
            + u[mid, p, m]
            + u[mid, m, p]
            + u[mid, p, p]
            + u[xm, mid, m]
            + u[xp, mid, m]
            + u[xm, mid, p]
            + u[xp, mid, p]
            + u[xm, m, mid]
            + u[xp, m, mid]
            + u[xm, p, mid]
            + u[xp, p, mid]
        )
        - A[3]
        * (
            u[xm, m, m]
            + u[xp, m, m]
            + u[xm, p, m]
            + u[xp, p, m]
            + u[xm, m, p]
            + u[xp, m, p]
            + u[xm, p, p]
            + u[xp, p, p]
        )
    )
    return comm3(r)

def psinv(u, r, coeff):
    c = (slice(1, -1),) * 3
    xm, xp, mid = slice(0, -2), slice(2, None), slice(1, -1)
    m, p = slice(0, -2), slice(2, None)
    u[c] += (
        coeff[0] * r[c]
        + coeff[1]
        * (
            r[xm, mid, mid]
            + r[xp, mid, mid]
            + r[mid, m, mid]
            + r[mid, p, mid]
            + r[mid, mid, m]
            + r[mid, mid, p]
        )
        + coeff[2]
        * (
            r[mid, m, m]
            + r[mid, p, m]
            + r[mid, m, p]
            + r[mid, p, p]
            + r[xm, mid, m]
            + r[xp, mid, m]
            + r[xm, mid, p]
            + r[xp, mid, p]
            + r[xm, m, mid]
            + r[xp, m, mid]
            + r[xm, p, mid]
            + r[xp, p, mid]
        )
    )
    return comm3(u)

def axis_last(array, axis):
    if axis == 2:
        return array, (0, 1, 2)
    permutation = (1, 2, 0) if axis == 0 else (0, 2, 1)
    inverse = tuple(permutation.index(i) for i in range(3))
    return np.transpose(array, permutation), inverse

def restrict_axis(array, axis):
    back, inverse = axis_last(array, axis)
    d1, d2, n = back.shape
    physical = n - 2
    # Legate cannot reshape a sliced store. Materialize two contiguous slabs,
    # pair neighboring cells in the last dimension, then reduce each pair.
    left = back[:, :, 1 : n - 1].copy()
    right = back[:, :, 2:n].copy()
    paired_shape = (d1, d2, physical // 2, 2)
    reduced = left.reshape(paired_shape).sum(axis=3) + right.reshape(paired_shape).sum(
        axis=3
    )
    return reduced if axis == 2 else np.transpose(reduced, inverse)

def restrict(coarse, fine):
    reduced = restrict_axis(fine, 0)
    reduced = restrict_axis(reduced, 1)
    reduced = restrict_axis(reduced, 2)
    coarse[1:-1, 1:-1, 1:-1] = reduced / 16.0
    return comm3(coarse)

def interp_axis(array, axis, weights):
    back, inverse = axis_last(array, axis)
    d1, d2, n = back.shape
    lo = back[:, :, : n - 1].copy().reshape(d1, d2, n - 1, 1)
    hi = back[:, :, 1:n].copy().reshape(d1, d2, n - 1, 1)
    interpolated = (lo + weights * (hi - lo)).reshape(d1, d2, 2 * (n - 1))
    result = interpolated if axis == 2 else np.transpose(interpolated, inverse)
    return result.copy()

def interp(fine, coarse, weights):
    interpolated = interp_axis(coarse, 0, weights)
    interpolated = interp_axis(interpolated, 1, weights)
    interpolated = interp_axis(interpolated, 2, weights)
    fine += interpolated

def norm2(residual):
    interior = residual[1:-1, 1:-1, 1:-1]
    return np.sum(interior * interior)

# rhs_host(dims) is the NPB RNG input generator (not counted).
def init(dims):
    shapes = level_shapes(dims)
    return {
        "u": [np.zeros(s, dtype=np.float64) for s in shapes],
        "r": [np.zeros(s, dtype=np.float64) for s in shapes],
        "rhs": np.asarray(rhs_host(dims)),
        "weights": np.asarray([0.0, 0.5]).reshape(1, 1, 1, 2),
    }

def run(state, niter, coeff):
    u, r, rhs, weights = state["u"], state["r"], state["rhs"], state["weights"]
    for level in u:
        level.fill(0.0)
    resid(r[-1], u[-1], rhs)
    norm2(r[-1])
    for _ in range(niter):
        for level in range(len(u) - 1, 0, -1):
            restrict(r[level - 1], r[level])
        u[0].fill(0.0)
        psinv(u[0], r[0], coeff)
        for level in range(1, len(u) - 1):
            u[level].fill(0.0)
            interp(u[level], u[level - 1], weights)
            resid(r[level], u[level], r[level])
            psinv(u[level], r[level], coeff)
        interp(u[-1], u[-2], weights)
        resid(r[-1], u[-1], rhs)
        psinv(u[-1], r[-1], coeff)
        resid(r[-1], u[-1], rhs)
    return norm2(r[-1])
