import math
import cupynumeric as np
import numpy as host_np

ALPHA = 1.0e-6
CHECKSUM_SAMPLES = 1024
RNG_SCRATCH_STATES = 1 << 20

def frequency_squares(n):
    return host_np.asarray([((i+n//2) % n-n//2)**2 for i in range(n)])

def init(nx, ny, nz):
    shape = (nz, ny, nx)
    j = host_np.arange(1, CHECKSUM_SAMPLES+1, dtype=host_np.int64)
    indices = ((5*j) % nz * ny + (3*j) % ny) * nx + j % nx
    host = host_np.empty(shape, dtype=host_np.complex128)
    scratch = host_np.empty(
        min(2*host_np.prod(shape), RNG_SCRATCH_STATES), dtype=host_np.uint64,
    )
    initial_conditions(host, scratch)
    ix2 = np.asarray(frequency_squares(nx)).reshape(1, 1, nx)
    iy2 = np.asarray(frequency_squares(ny)).reshape(1, ny, 1)
    iz2 = np.asarray(frequency_squares(nz)).reshape(nz, 1, 1)
    return {
        "indices": np.asarray(indices),
        "initial": np.array(host),
        "twiddle": np.exp((-4.0*ALPHA*math.pi**2) * (ix2+iy2+iz2)),
    }

def run(state, niter):
    u0, checksums = np.fft.fftn(state["initial"]), []
    for _ in range(niter):
        u0 *= state["twiddle"]
        u1 = np.fft.ifftn(u0)
        samples = np.take(u1, state["indices"], mode="clip")
        checksums.append(np.sum(samples))
    return checksums
