using CUDA: CUDA
using Dagger: Dagger
using AbstractFFTs

const NAS_FT_ALPHA = 1.0e-6
const NAS_FT_CHECKSUM_SAMPLES = 1024

function nas_ft_checksum_indices(p)
    linear = LinearIndices((p.nx, p.ny, p.nz))
    return [
        linear[mod(j, p.nx) + 1, mod(3j, p.ny) + 1, mod(5j, p.nz) + 1]
        for j in 1:NAS_FT_CHECKSUM_SAMPLES
    ]
end

function nas_ft_checksum_mask(p)
    mask = zeros(Float64, p.nx, p.ny, p.nz)
    @inbounds for index in nas_ft_checksum_indices(p)
        mask[index] += 1.0
    end
    return mask
end

# p = (; nx, ny, nz, niter). The NPB RNG and twiddle run on the host, then
# Dagger's distributed slab FFT handles the transforms.
function host_twiddle!(out, frequency_squares)
    ix2, iy2, iz2 = frequency_squares
    ap = -4.0*NAS_FT_ALPHA*pi^2
    Threads.@threads for k in eachindex(iz2)
        z = iz2[k]
        @inbounds for j in eachindex(iy2), i in eachindex(ix2)
            out[i, j, k] = exp(ap*(ix2[i] + iy2[j] + z))
        end
    end
    return out
end

chunk_checksum(values, mask) =
    mapreduce(*, +, values, mask; dims=ntuple(identity, ndims(values)), init=zero(eltype(values)))

function checksum_tasks(s)
    nchunks = length(s.u1.chunks)
    tasks = Vector{Dagger.DTask}(undef, nchunks)
    Dagger.spawn_datadeps() do
        for i in eachindex(tasks)
            owner = s.procs[cld(i * length(s.procs), nchunks)]
            tasks[i] = Dagger.@spawn scope=Dagger.ExactScope(owner) chunk_checksum(
                Dagger.In(s.u1.chunks[i]), Dagger.In(s.mask.chunks[i])
            )
        end
    end
    return tasks
end

function init(p, gpus)
    scope = Dagger.scope(; cuda_gpus=collect(1:gpus))
    procs = sort!(collect(Dagger.compatible_processors(scope)); by=string)
    shape = (p.nx, p.ny, p.nz)
    block = cld(p.nz, gpus)
    nchunks = cld(p.nz, block)
    blocks = Dagger.Blocks(p.nx, p.ny, block)
    assignment = reshape([procs[cld(i * gpus, nchunks)] for i in 1:nchunks], 1, 1, nchunks)
    host_initial = Array{ComplexF64}(undef, shape)
    host_twiddle = Array{Float64}(undef, shape)
    frequency_squares = ntuple(d -> Float64[
        ((i + shape[d]÷2) % shape[d] - shape[d]÷2)^2 for i in 0:(shape[d] - 1)
    ], 3)
    CUDA.pin(host_initial)
    CUDA.pin(host_twiddle)
    return Dagger.with_options(; scope) do
        u1 = Dagger.DArray(zeros(ComplexF64, shape), blocks, assignment)
        mask = Dagger.DArray(nas_ft_checksum_mask(p), blocks, assignment)
        foreach(a -> foreach(wait, a.chunks), (u1, mask))
        return (; scope, procs, u1, mask, host_initial, host_twiddle,
            rng_scratch=Vector{UInt64}(undef, min(2length(host_initial), 1 << 20)),
            frequency_squares, blocks, assignment)
    end
end

function run!(s, p)
    nas_ft_initial_conditions_uint64!(s.host_initial, s.rng_scratch)
    host_twiddle!(s.host_twiddle, s.frequency_squares)
    return Dagger.with_options(; scope=s.scope) do
        u0 = Dagger.DArray(s.host_initial, s.blocks, s.assignment)
        twiddle = Dagger.DArray(s.host_twiddle, s.blocks, s.assignment)
        fft!(u0, (1, 2, 3); decomp=:slab)
        checksums = Vector{Dagger.DTask}[]
        for _ in 1:p.niter
            u0 .*= twiddle
            copyto!(s.u1, u0)
            ifft!(s.u1, (1, 2, 3); decomp=:slab)
            push!(checksums, checksum_tasks(s))
        end
        return checksums
    end
end
